
Aspire@Acer MINGW64 /
$ java -version
java version "1.8.0_102"
Java(TM) SE Runtime Environment (build 1.8.0_102-b14)
Java HotSpot(TM) 64-Bit Server VM (build 25.102-b14, mixed mode)

Aspire@Acer MINGW64 /
$ mvn -v
Apache Maven 3.3.9 (bb52d8502b132ec0a5a3f4c09453c07478323dc5; 2015-11-10T22:11:47+05:30)
Maven home: C:\Program Files\Apache Software Foundation\apache-maven-3.3.9
Java version: 1.8.0_102, vendor: Oracle Corporation
Java home: C:\Program Files\Java\jdk1.8.0_102\jre
Default locale: en_US, platform encoding: Cp1252
OS name: "windows 8.1", version: "6.3", arch: "amd64", family: "dos"

Aspire@Acer MINGW64 /
$ cd "E:\Working\Java\Spring\Spring-MVC\Spring-MVC-Web-App"

Aspire@Acer MINGW64 /e/Working/Java/Spring/Spring-MVC/Spring-MVC-Web-App
$ mkdir -p src/main/java/hello

Aspire@Acer MINGW64 /e/Working/Java/Spring/Spring-MVC/Spring-MVC-Web-App
$ touch pom.xml

Aspire@Acer MINGW64 /e/Working/Java/Spring/Spring-MVC/Spring-MVC-Web-App
$ touch src/main/java/hello/GreetingController.java

Aspire@Acer MINGW64 /e/Working/Java/Spring/Spring-MVC/Spring-MVC-Web-App
$ mkdir -p src/main/resources/templates

Aspire@Acer MINGW64 /e/Working/Java/Spring/Spring-MVC/Spring-MVC-Web-App
$ touch src/main/resources/templates/greeting.html

Aspire@Acer MINGW64 /e/Working/Java/Spring/Spring-MVC/Spring-MVC-Web-App
$ touch src/main/java/hello/Application.java

Aspire@Acer MINGW64 /e/Working/Java/Spring/Spring-MVC/Spring-MVC-Web-App
$ mvn spring-boot:run
[INFO] Scanning for projects...
[INFO]
[INFO] ------------------------------------------------------------------------
[INFO] Building gs-serving-web-content 0.1.0
[INFO] ------------------------------------------------------------------------
[INFO]
[INFO] >>> spring-boot-maven-plugin:1.4.2.RELEASE:run (default-cli) > test-compile @ gs-serving-web-content >>>
Downloading: https://repo.maven.apache.org/maven2/org/springframework/boot/spring-boot-starter-thymeleaf/1.4.2.RELEASE/spring-boot-starter-thymeleaf-1.4.2.RELEASE.pom
Downloaded: https://repo.maven.apache.org/maven2/org/springframework/boot/spring-boot-starter-thymeleaf/1.4.2.RELEASE/spring-boot-starter-thymeleaf-1.4.2.RELEASE.pom (2 KB at 0.4 KB/sec)
Downloading: https://repo.maven.apache.org/maven2/org/thymeleaf/thymeleaf-spring4/2.1.5.RELEASE/thymeleaf-spring4-2.1.5.RELEASE.pom
Downloaded: https://repo.maven.apache.org/maven2/org/thymeleaf/thymeleaf-spring4/2.1.5.RELEASE/thymeleaf-spring4-2.1.5.RELEASE.pom (12 KB at 6.9 KB/sec)
Downloading: https://repo.maven.apache.org/maven2/org/thymeleaf/thymeleaf/2.1.5.RELEASE/thymeleaf-2.1.5.RELEASE.pom
Downloaded: https://repo.maven.apache.org/maven2/org/thymeleaf/thymeleaf/2.1.5.RELEASE/thymeleaf-2.1.5.RELEASE.pom (10 KB at 13.0 KB/sec)
Downloading: https://repo.maven.apache.org/maven2/ognl/ognl/3.0.8/ognl-3.0.8.pom
Downloaded: https://repo.maven.apache.org/maven2/ognl/ognl/3.0.8/ognl-3.0.8.pom (7 KB at 7.9 KB/sec)
Downloading: https://repo.maven.apache.org/maven2/org/javassist/javassist/3.20.0-GA/javassist-3.20.0-GA.pom
Downloaded: https://repo.maven.apache.org/maven2/org/javassist/javassist/3.20.0-GA/javassist-3.20.0-GA.pom (10 KB at 11.6 KB/sec)
Downloading: https://repo.maven.apache.org/maven2/org/unbescape/unbescape/1.1.0.RELEASE/unbescape-1.1.0.RELEASE.pom
Downloaded: https://repo.maven.apache.org/maven2/org/unbescape/unbescape/1.1.0.RELEASE/unbescape-1.1.0.RELEASE.pom (10 KB at 11.0 KB/sec)
Downloading: https://repo.maven.apache.org/maven2/nz/net/ultraq/thymeleaf/thymeleaf-layout-dialect/1.4.0/thymeleaf-layout-dialect-1.4.0.pom
Downloaded: https://repo.maven.apache.org/maven2/nz/net/ultraq/thymeleaf/thymeleaf-layout-dialect/1.4.0/thymeleaf-layout-dialect-1.4.0.pom (4 KB at 4.4 KB/sec)
Downloading: https://repo.maven.apache.org/maven2/org/codehaus/groovy/groovy/2.4.7/groovy-2.4.7.pom
Downloaded: https://repo.maven.apache.org/maven2/org/codehaus/groovy/groovy/2.4.7/groovy-2.4.7.pom (17 KB at 15.3 KB/sec)
Downloading: https://repo.maven.apache.org/maven2/org/springframework/boot/spring-boot-devtools/1.4.2.RELEASE/spring-boot-devtools-1.4.2.RELEASE.pom
Downloaded: https://repo.maven.apache.org/maven2/org/springframework/boot/spring-boot-devtools/1.4.2.RELEASE/spring-boot-devtools-1.4.2.RELEASE.pom (5 KB at 5.9 KB/sec)
Downloading: https://repo.maven.apache.org/maven2/org/springframework/boot/spring-boot-starter-thymeleaf/1.4.2.RELEASE/spring-boot-starter-thymeleaf-1.4.2.RELEASE.jar
Downloading: https://repo.maven.apache.org/maven2/org/thymeleaf/thymeleaf-spring4/2.1.5.RELEASE/thymeleaf-spring4-2.1.5.RELEASE.jar
Downloading: https://repo.maven.apache.org/maven2/org/thymeleaf/thymeleaf/2.1.5.RELEASE/thymeleaf-2.1.5.RELEASE.jar
Downloading: https://repo.maven.apache.org/maven2/ognl/ognl/3.0.8/ognl-3.0.8.jar
Downloading: https://repo.maven.apache.org/maven2/org/javassist/javassist/3.20.0-GA/javassist-3.20.0-GA.jar
Downloaded: https://repo.maven.apache.org/maven2/org/springframework/boot/spring-boot-starter-thymeleaf/1.4.2.RELEASE/spring-boot-starter-thymeleaf-1.4.2.RELEASE.jar (3 KB at 1.5 KB/sec)
Downloading: https://repo.maven.apache.org/maven2/org/unbescape/unbescape/1.1.0.RELEASE/unbescape-1.1.0.RELEASE.jar
Downloaded: https://repo.maven.apache.org/maven2/ognl/ognl/3.0.8/ognl-3.0.8.jar (223 KB at 36.3 KB/sec)
Downloading: https://repo.maven.apache.org/maven2/nz/net/ultraq/thymeleaf/thymeleaf-layout-dialect/1.4.0/thymeleaf-layout-dialect-1.4.0.jar
Downloaded: https://repo.maven.apache.org/maven2/org/thymeleaf/thymeleaf-spring4/2.1.5.RELEASE/thymeleaf-spring4-2.1.5.RELEASE.jar (220 KB at 34.0 KB/sec)
Downloading: https://repo.maven.apache.org/maven2/org/codehaus/groovy/groovy/2.4.7/groovy-2.4.7.jar
Downloaded: https://repo.maven.apache.org/maven2/org/unbescape/unbescape/1.1.0.RELEASE/unbescape-1.1.0.RELEASE.jar (137 KB at 20.3 KB/sec)
Downloading: https://repo.maven.apache.org/maven2/org/springframework/boot/spring-boot-devtools/1.4.2.RELEASE/spring-boot-devtools-1.4.2.RELEASE.jar
Downloaded: https://repo.maven.apache.org/maven2/org/javassist/javassist/3.20.0-GA/javassist-3.20.0-GA.jar (733 KB at 56.2 KB/sec)
Downloaded: https://repo.maven.apache.org/maven2/nz/net/ultraq/thymeleaf/thymeleaf-layout-dialect/1.4.0/thymeleaf-layout-dialect-1.4.0.jar (114 KB at 8.4 KB/sec)
Downloaded: https://repo.maven.apache.org/maven2/org/springframework/boot/spring-boot-devtools/1.4.2.RELEASE/spring-boot-devtools-1.4.2.RELEASE.jar (200 KB at 13.9 KB/sec)
Downloaded: https://repo.maven.apache.org/maven2/org/thymeleaf/thymeleaf/2.1.5.RELEASE/thymeleaf-2.1.5.RELEASE.jar (781 KB at 54.2 KB/sec)
Downloaded: https://repo.maven.apache.org/maven2/org/codehaus/groovy/groovy/2.4.7/groovy-2.4.7.jar (4445 KB at 149.8 KB/sec)
[INFO]
[INFO] --- maven-resources-plugin:2.6:resources (default-resources) @ gs-serving-web-content ---
[INFO] Using 'UTF-8' encoding to copy filtered resources.
[INFO] Copying 0 resource
[INFO] Copying 1 resource
[INFO]
[INFO] --- maven-compiler-plugin:3.1:compile (default-compile) @ gs-serving-web-content ---
[INFO] Changes detected - recompiling the module!
[INFO] Compiling 2 source files to E:\Working\Java\Spring\Spring-MVC\Spring-MVC-Web-App\target\classes
[INFO]
[INFO] --- maven-resources-plugin:2.6:testResources (default-testResources) @ gs-serving-web-content ---
[INFO] Using 'UTF-8' encoding to copy filtered resources.
[INFO] skip non existing resourceDirectory E:\Working\Java\Spring\Spring-MVC\Spring-MVC-Web-App\src\test\resources
[INFO]
[INFO] --- maven-compiler-plugin:3.1:testCompile (default-testCompile) @ gs-serving-web-content ---
[INFO] No sources to compile
[INFO]
[INFO] <<< spring-boot-maven-plugin:1.4.2.RELEASE:run (default-cli) < test-compile @ gs-serving-web-content <<<
[INFO]
[INFO] --- spring-boot-maven-plugin:1.4.2.RELEASE:run (default-cli) @ gs-serving-web-content ---
[INFO] Attaching agents: []

  .   ____          _            __ _ _
 /\\ / ___'_ __ _ _(_)_ __  __ _ \ \ \ \
( ( )\___ | '_ | '_| | '_ \/ _` | \ \ \ \
 \\/  ___)| |_)| | | | | || (_| |  ) ) ) )
  '  |____| .__|_| |_|_| |_\__, | / / / /
 =========|_|==============|___/=/_/_/_/
 :: Spring Boot ::        (v1.4.2.RELEASE)

2016-12-07 13:37:58.077  INFO 1540 --- [  restartedMain] hello.Application                        : Starting Application on Acer with PID 1540 (E:\Working\Java\Spring\Spring-MVC\Spring-MVC-Web-App\target\classes started by Aspire in E:\Working\Java\Spring\Spring-MVC\Spring-MVC-Web-App)
2016-12-07 13:37:58.077  INFO 1540 --- [  restartedMain] hello.Application                        : No active profile set, falling back to default profiles: default
2016-12-07 13:37:58.999  INFO 1540 --- [  restartedMain] ationConfigEmbeddedWebApplicationContext : Refreshing org.springframework.boot.context.embedded.AnnotationConfigEmbeddedWebApplicationContext@108262c4: startup date [Wed Dec 07 13:37:58 IST 2016]; root of context hierarchy
2016-12-07 13:38:03.451  INFO 1540 --- [  restartedMain] s.b.c.e.t.TomcatEmbeddedServletContainer : Tomcat initialized with port(s): 8080 (http)
2016-12-07 13:38:03.481  INFO 1540 --- [  restartedMain] o.apache.catalina.core.StandardService   : Starting service Tomcat
2016-12-07 13:38:03.483  INFO 1540 --- [  restartedMain] org.apache.catalina.core.StandardEngine  : Starting Servlet Engine: Apache Tomcat/8.5.6
2016-12-07 13:38:03.731  INFO 1540 --- [ost-startStop-1] o.a.c.c.C.[Tomcat].[localhost].[/]       : Initializing Spring embedded WebApplicationContext
2016-12-07 13:38:03.732  INFO 1540 --- [ost-startStop-1] o.s.web.context.ContextLoader            : Root WebApplicationContext: initialization completed in 4749 ms
2016-12-07 13:38:04.263  INFO 1540 --- [ost-startStop-1] o.s.b.w.servlet.ServletRegistrationBean  : Mapping servlet: 'dispatcherServlet' to [/]
2016-12-07 13:38:04.279  INFO 1540 --- [ost-startStop-1] o.s.b.w.servlet.FilterRegistrationBean   : Mapping filter: 'characterEncodingFilter' to: [/*]
2016-12-07 13:38:04.279  INFO 1540 --- [ost-startStop-1] o.s.b.w.servlet.FilterRegistrationBean   : Mapping filter: 'hiddenHttpMethodFilter' to: [/*]
2016-12-07 13:38:04.279  INFO 1540 --- [ost-startStop-1] o.s.b.w.servlet.FilterRegistrationBean   : Mapping filter: 'httpPutFormContentFilter' to: [/*]
2016-12-07 13:38:04.279  INFO 1540 --- [ost-startStop-1] o.s.b.w.servlet.FilterRegistrationBean   : Mapping filter: 'requestContextFilter' to: [/*]
2016-12-07 13:38:05.170  INFO 1540 --- [  restartedMain] s.w.s.m.m.a.RequestMappingHandlerAdapter : Looking for @ControllerAdvice: org.springframework.boot.context.embedded.AnnotationConfigEmbeddedWebApplicationContext@108262c4: startup date [Wed Dec 07 13:37:58 IST 2016]; root of context hierarchy
2016-12-07 13:38:05.340  INFO 1540 --- [  restartedMain] s.w.s.m.m.a.RequestMappingHandlerMapping : Mapped "{[/greeting]}" onto public java.lang.String hello.GreetingController.greeting(java.lang.String,org.springframework.ui.Model)
2016-12-07 13:38:05.356  INFO 1540 --- [  restartedMain] s.w.s.m.m.a.RequestMappingHandlerMapping : Mapped "{[/error]}" onto public org.springframework.http.ResponseEntity<java.util.Map<java.lang.String, java.lang.Object>> org.springframework.boot.autoconfigure.web.BasicErrorController.error(javax.servlet.http.HttpServletRequest)
2016-12-07 13:38:05.356  INFO 1540 --- [  restartedMain] s.w.s.m.m.a.RequestMappingHandlerMapping : Mapped "{[/error],produces=[text/html]}" onto public org.springframework.web.servlet.ModelAndView org.springframework.boot.autoconfigure.web.BasicErrorController.errorHtml(javax.servlet.http.HttpServletRequest,javax.servlet.http.HttpServletResponse)
2016-12-07 13:38:05.450  INFO 1540 --- [  restartedMain] o.s.w.s.handler.SimpleUrlHandlerMapping  : Mapped URL path [/webjars/**] onto handler of type [class org.springframework.web.servlet.resource.ResourceHttpRequestHandler]
2016-12-07 13:38:05.465  INFO 1540 --- [  restartedMain] o.s.w.s.handler.SimpleUrlHandlerMapping  : Mapped URL path [/**] onto handler of type [class org.springframework.web.servlet.resource.ResourceHttpRequestHandler]
2016-12-07 13:38:05.575  INFO 1540 --- [  restartedMain] o.s.w.s.handler.SimpleUrlHandlerMapping  : Mapped URL path [/**/favicon.ico] onto handler of type [class org.springframework.web.servlet.resource.ResourceHttpRequestHandler]
2016-12-07 13:38:06.794  INFO 1540 --- [  restartedMain] o.s.b.d.a.OptionalLiveReloadServer       : LiveReload server is running on port 35729
2016-12-07 13:38:06.966  INFO 1540 --- [  restartedMain] o.s.j.e.a.AnnotationMBeanExporter        : Registering beans for JMX exposure on startup
2016-12-07 13:38:07.122  INFO 1540 --- [  restartedMain] s.b.c.e.t.TomcatEmbeddedServletContainer : Tomcat started on port(s): 8080 (http)
2016-12-07 13:38:07.137  INFO 1540 --- [  restartedMain] hello.Application                        : Started Application in 10.029 seconds (JVM running for 10.969)
2016-12-07 13:38:25.967  INFO 1540 --- [nio-8080-exec-1] o.a.c.c.C.[Tomcat].[localhost].[/]       : Initializing Spring FrameworkServlet 'dispatcherServlet'
2016-12-07 13:38:25.967  INFO 1540 --- [nio-8080-exec-1] o.s.web.servlet.DispatcherServlet        : FrameworkServlet 'dispatcherServlet': initialization started
2016-12-07 13:38:26.000  INFO 1540 --- [nio-8080-exec-1] o.s.web.servlet.DispatcherServlet        : FrameworkServlet 'dispatcherServlet': initialization completed in 32 ms


Aspire@Acer MINGW64 /e/Working/Java/Spring/Spring-MVC/Spring-MVC-Web-App
$ mvn clean package
[INFO] Scanning for projects...
[INFO]
[INFO] ------------------------------------------------------------------------
[INFO] Building gs-serving-web-content 0.1.0
[INFO] ------------------------------------------------------------------------
[INFO]
[INFO] --- maven-clean-plugin:2.6.1:clean (default-clean) @ gs-serving-web-content ---
[INFO] Deleting E:\Working\Java\Spring\Spring-MVC\Spring-MVC-Web-App\target
[INFO]
[INFO] --- maven-resources-plugin:2.6:resources (default-resources) @ gs-serving-web-content ---
[INFO] Using 'UTF-8' encoding to copy filtered resources.
[INFO] Copying 0 resource
[INFO] Copying 1 resource
[INFO]
[INFO] --- maven-compiler-plugin:3.1:compile (default-compile) @ gs-serving-web-content ---
[INFO] Changes detected - recompiling the module!
[INFO] Compiling 2 source files to E:\Working\Java\Spring\Spring-MVC\Spring-MVC-Web-App\target\classes
[INFO]
[INFO] --- maven-resources-plugin:2.6:testResources (default-testResources) @ gs-serving-web-content ---
[INFO] Using 'UTF-8' encoding to copy filtered resources.
[INFO] skip non existing resourceDirectory E:\Working\Java\Spring\Spring-MVC\Spring-MVC-Web-App\src\test\resources
[INFO]
[INFO] --- maven-compiler-plugin:3.1:testCompile (default-testCompile) @ gs-serving-web-content ---
[INFO] No sources to compile
[INFO]
[INFO] --- maven-surefire-plugin:2.18.1:test (default-test) @ gs-serving-web-content ---
[INFO] No tests to run.
[INFO]
[INFO] --- maven-jar-plugin:2.6:jar (default-jar) @ gs-serving-web-content ---
[INFO] Building jar: E:\Working\Java\Spring\Spring-MVC\Spring-MVC-Web-App\target\gs-serving-web-content-0.1.0.jar
[INFO]
[INFO] --- spring-boot-maven-plugin:1.4.2.RELEASE:repackage (default) @ gs-serving-web-content ---
[INFO] ------------------------------------------------------------------------
[INFO] BUILD SUCCESS
[INFO] ------------------------------------------------------------------------
[INFO] Total time: 8.094 s
[INFO] Finished at: 2016-12-07T13:39:13+05:30
[INFO] Final Memory: 29M/309M
[INFO] ------------------------------------------------------------------------

Aspire@Acer MINGW64 /e/Working/Java/Spring/Spring-MVC/Spring-MVC-Web-App
$ java -jar target/gs-serving-web-content-0.1.0.jar

  .   ____          _            __ _ _
 /\\ / ___'_ __ _ _(_)_ __  __ _ \ \ \ \
( ( )\___ | '_ | '_| | '_ \/ _` | \ \ \ \
 \\/  ___)| |_)| | | | | || (_| |  ) ) ) )
  '  |____| .__|_| |_|_| |_\__, | / / / /
 =========|_|==============|___/=/_/_/_/
 :: Spring Boot ::        (v1.4.2.RELEASE)

2016-12-07 13:39:20.053  INFO 4720 --- [           main] hello.Application                        : Starting Application v0.1.0 on Acer with PID 4720 (E:\Working\Java\Spring\Spring-MVC\Spring-MVC-Web-App\target\gs-serving-web-content-0.1.0.jar started by Aspire in E:\Working\Java\Spring\Spring-MVC\Spring-MVC-Web-App)
2016-12-07 13:39:20.068  INFO 4720 --- [           main] hello.Application                        : No active profile set, falling back to default profiles: default
2016-12-07 13:39:21.381  INFO 4720 --- [           main] ationConfigEmbeddedWebApplicationContext : Refreshing org.springframework.boot.context.embedded.AnnotationConfigEmbeddedWebApplicationContext@45ff54e6: startup date [Wed Dec 07 13:39:21 IST 2016]; root of context hierarchy
2016-12-07 13:39:26.037  INFO 4720 --- [           main] s.b.c.e.t.TomcatEmbeddedServletContainer : Tomcat initialized with port(s): 8080 (http)
2016-12-07 13:39:26.084  INFO 4720 --- [           main] o.apache.catalina.core.StandardService   : Starting service Tomcat
2016-12-07 13:39:26.084  INFO 4720 --- [           main] org.apache.catalina.core.StandardEngine  : Starting Servlet Engine: Apache Tomcat/8.5.6
2016-12-07 13:39:26.381  INFO 4720 --- [ost-startStop-1] o.a.c.c.C.[Tomcat].[localhost].[/]       : Initializing Spring embedded WebApplicationContext
2016-12-07 13:39:26.381  INFO 4720 --- [ost-startStop-1] o.s.web.context.ContextLoader            : Root WebApplicationContext: initialization completed in 5031 ms
2016-12-07 13:39:26.871  INFO 4720 --- [ost-startStop-1] o.s.b.w.servlet.ServletRegistrationBean  : Mapping servlet: 'dispatcherServlet' to [/]
2016-12-07 13:39:26.871  INFO 4720 --- [ost-startStop-1] o.s.b.w.servlet.FilterRegistrationBean   : Mapping filter: 'characterEncodingFilter' to: [/*]
2016-12-07 13:39:26.871  INFO 4720 --- [ost-startStop-1] o.s.b.w.servlet.FilterRegistrationBean   : Mapping filter: 'hiddenHttpMethodFilter' to: [/*]
2016-12-07 13:39:26.871  INFO 4720 --- [ost-startStop-1] o.s.b.w.servlet.FilterRegistrationBean   : Mapping filter: 'httpPutFormContentFilter' to: [/*]
2016-12-07 13:39:26.871  INFO 4720 --- [ost-startStop-1] o.s.b.w.servlet.FilterRegistrationBean   : Mapping filter: 'requestContextFilter' to: [/*]
2016-12-07 13:39:27.653  INFO 4720 --- [           main] s.w.s.m.m.a.RequestMappingHandlerAdapter : Looking for @ControllerAdvice: org.springframework.boot.context.embedded.AnnotationConfigEmbeddedWebApplicationContext@45ff54e6: startup date [Wed Dec 07 13:39:21 IST 2016]; root of context hierarchy
2016-12-07 13:39:27.934  INFO 4720 --- [           main] s.w.s.m.m.a.RequestMappingHandlerMapping : Mapped "{[/greeting]}" onto public java.lang.String hello.GreetingController.greeting(java.lang.String,org.springframework.ui.Model)
2016-12-07 13:39:27.950  INFO 4720 --- [           main] s.w.s.m.m.a.RequestMappingHandlerMapping : Mapped "{[/error]}" onto public org.springframework.http.ResponseEntity<java.util.Map<java.lang.String, java.lang.Object>> org.springframework.boot.autoconfigure.web.BasicErrorController.error(javax.servlet.http.HttpServletRequest)
2016-12-07 13:39:27.950  INFO 4720 --- [           main] s.w.s.m.m.a.RequestMappingHandlerMapping : Mapped "{[/error],produces=[text/html]}" onto public org.springframework.web.servlet.ModelAndView org.springframework.boot.autoconfigure.web.BasicErrorController.errorHtml(javax.servlet.http.HttpServletRequest,javax.servlet.http.HttpServletResponse)
2016-12-07 13:39:28.189  INFO 4720 --- [           main] o.s.w.s.handler.SimpleUrlHandlerMapping  : Mapped URL path [/webjars/**] onto handler of type [class org.springframework.web.servlet.resource.ResourceHttpRequestHandler]
2016-12-07 13:39:28.194  INFO 4720 --- [           main] o.s.w.s.handler.SimpleUrlHandlerMapping  : Mapped URL path [/**] onto handler of type [class org.springframework.web.servlet.resource.ResourceHttpRequestHandler]
2016-12-07 13:39:28.368  INFO 4720 --- [           main] o.s.w.s.handler.SimpleUrlHandlerMapping  : Mapped URL path [/**/favicon.ico] onto handler of type [class org.springframework.web.servlet.resource.ResourceHttpRequestHandler]
2016-12-07 13:39:30.139  INFO 4720 --- [           main] o.s.j.e.a.AnnotationMBeanExporter        : Registering beans for JMX exposure on startup
2016-12-07 13:39:30.351  INFO 4720 --- [           main] s.b.c.e.t.TomcatEmbeddedServletContainer : Tomcat started on port(s): 8080 (http)
2016-12-07 13:39:30.401  INFO 4720 --- [           main] hello.Application                        : Started Application in 11.999 seconds (JVM running for 13.249)
2016-12-07 13:39:32.442  INFO 4720 --- [nio-8080-exec-1] o.a.c.c.C.[Tomcat].[localhost].[/]       : Initializing Spring FrameworkServlet 'dispatcherServlet'
2016-12-07 13:39:32.443  INFO 4720 --- [nio-8080-exec-1] o.s.web.servlet.DispatcherServlet        : FrameworkServlet 'dispatcherServlet': initialization started
2016-12-07 13:39:32.505  INFO 4720 --- [nio-8080-exec-1] o.s.web.servlet.DispatcherServlet        : FrameworkServlet 'dispatcherServlet': initialization completed in 62 ms


Aspire@Acer MINGW64 /e/Working/Java/Spring/Spring-MVC/Spring-MVC-Web-App
$ mkdir -p src/main/resources/static

Aspire@Acer MINGW64 /e/Working/Java/Spring/Spring-MVC/Spring-MVC-Web-App
$ touch src/main/resources/static/index.html

Aspire@Acer MINGW64 /e/Working/Java/Spring/Spring-MVC/Spring-MVC-Web-App
$ mvn spring-boot:run
[INFO] Scanning for projects...
[INFO]
[INFO] ------------------------------------------------------------------------
[INFO] Building gs-serving-web-content 0.1.0
[INFO] ------------------------------------------------------------------------
[INFO]
[INFO] >>> spring-boot-maven-plugin:1.4.2.RELEASE:run (default-cli) > test-compile @ gs-serving-web-content >>>
[INFO]
[INFO] --- maven-resources-plugin:2.6:resources (default-resources) @ gs-serving-web-content ---
[INFO] Using 'UTF-8' encoding to copy filtered resources.
[INFO] Copying 0 resource
[INFO] Copying 2 resources
[INFO]
[INFO] --- maven-compiler-plugin:3.1:compile (default-compile) @ gs-serving-web-content ---
[INFO] Nothing to compile - all classes are up to date
[INFO]
[INFO] --- maven-resources-plugin:2.6:testResources (default-testResources) @ gs-serving-web-content ---
[INFO] Using 'UTF-8' encoding to copy filtered resources.
[INFO] skip non existing resourceDirectory E:\Working\Java\Spring\Spring-MVC\Spring-MVC-Web-App\src\test\resources
[INFO]
[INFO] --- maven-compiler-plugin:3.1:testCompile (default-testCompile) @ gs-serving-web-content ---
[INFO] No sources to compile
[INFO]
[INFO] <<< spring-boot-maven-plugin:1.4.2.RELEASE:run (default-cli) < test-compile @ gs-serving-web-content <<<
[INFO]
[INFO] --- spring-boot-maven-plugin:1.4.2.RELEASE:run (default-cli) @ gs-serving-web-content ---
[INFO] Attaching agents: []

  .   ____          _            __ _ _
 /\\ / ___'_ __ _ _(_)_ __  __ _ \ \ \ \
( ( )\___ | '_ | '_| | '_ \/ _` | \ \ \ \
 \\/  ___)| |_)| | | | | || (_| |  ) ) ) )
  '  |____| .__|_| |_|_| |_\__, | / / / /
 =========|_|==============|___/=/_/_/_/
 :: Spring Boot ::        (v1.4.2.RELEASE)

2016-12-07 13:54:01.680  INFO 6004 --- [  restartedMain] hello.Application                        : Starting Application on Acer with PID 6004 (E:\Working\Java\Spring\Spring-MVC\Spring-MVC-Web-App\target\classes started by Aspire in E:\Working\Java\Spring\Spring-MVC\Spring-MVC-Web-App)
2016-12-07 13:54:01.680  INFO 6004 --- [  restartedMain] hello.Application                        : No active profile set, falling back to default profiles: default
2016-12-07 13:54:02.555  INFO 6004 --- [  restartedMain] ationConfigEmbeddedWebApplicationContext : Refreshing org.springframework.boot.context.embedded.AnnotationConfigEmbeddedWebApplicationContext@136de4ed: startup date [Wed Dec 07 13:54:02 IST 2016]; root of context hierarchy
2016-12-07 13:54:06.842  INFO 6004 --- [  restartedMain] s.b.c.e.t.TomcatEmbeddedServletContainer : Tomcat initialized with port(s): 8080 (http)
2016-12-07 13:54:06.905  INFO 6004 --- [  restartedMain] o.apache.catalina.core.StandardService   : Starting service Tomcat
2016-12-07 13:54:06.905  INFO 6004 --- [  restartedMain] org.apache.catalina.core.StandardEngine  : Starting Servlet Engine: Apache Tomcat/8.5.6
2016-12-07 13:54:07.123  INFO 6004 --- [ost-startStop-1] o.a.c.c.C.[Tomcat].[localhost].[/]       : Initializing Spring embedded WebApplicationContext
2016-12-07 13:54:07.123  INFO 6004 --- [ost-startStop-1] o.s.web.context.ContextLoader            : Root WebApplicationContext: initialization completed in 4600 ms
2016-12-07 13:54:07.561  INFO 6004 --- [ost-startStop-1] o.s.b.w.servlet.ServletRegistrationBean  : Mapping servlet: 'dispatcherServlet' to [/]
2016-12-07 13:54:07.561  INFO 6004 --- [ost-startStop-1] o.s.b.w.servlet.FilterRegistrationBean   : Mapping filter: 'characterEncodingFilter' to: [/*]
2016-12-07 13:54:07.561  INFO 6004 --- [ost-startStop-1] o.s.b.w.servlet.FilterRegistrationBean   : Mapping filter: 'hiddenHttpMethodFilter' to: [/*]
2016-12-07 13:54:07.561  INFO 6004 --- [ost-startStop-1] o.s.b.w.servlet.FilterRegistrationBean   : Mapping filter: 'httpPutFormContentFilter' to: [/*]
2016-12-07 13:54:07.561  INFO 6004 --- [ost-startStop-1] o.s.b.w.servlet.FilterRegistrationBean   : Mapping filter: 'requestContextFilter' to: [/*]
2016-12-07 13:54:08.327  INFO 6004 --- [  restartedMain] s.w.s.m.m.a.RequestMappingHandlerAdapter : Looking for @ControllerAdvice: org.springframework.boot.context.embedded.AnnotationConfigEmbeddedWebApplicationContext@136de4ed: startup date [Wed Dec 07 13:54:02 IST 2016]; root of context hierarchy
2016-12-07 13:54:08.514  INFO 6004 --- [  restartedMain] s.w.s.m.m.a.RequestMappingHandlerMapping : Mapped "{[/greeting]}" onto public java.lang.String hello.GreetingController.greeting(java.lang.String,org.springframework.ui.Model)
2016-12-07 13:54:08.514  INFO 6004 --- [  restartedMain] s.w.s.m.m.a.RequestMappingHandlerMapping : Mapped "{[/error]}" onto public org.springframework.http.ResponseEntity<java.util.Map<java.lang.String, java.lang.Object>> org.springframework.boot.autoconfigure.web.BasicErrorController.error(javax.servlet.http.HttpServletRequest)
2016-12-07 13:54:08.514  INFO 6004 --- [  restartedMain] s.w.s.m.m.a.RequestMappingHandlerMapping : Mapped "{[/error],produces=[text/html]}" onto public org.springframework.web.servlet.ModelAndView org.springframework.boot.autoconfigure.web.BasicErrorController.errorHtml(javax.servlet.http.HttpServletRequest,javax.servlet.http.HttpServletResponse)
2016-12-07 13:54:08.608  INFO 6004 --- [  restartedMain] o.s.w.s.handler.SimpleUrlHandlerMapping  : Mapped URL path [/webjars/**] onto handler of type [class org.springframework.web.servlet.resource.ResourceHttpRequestHandler]
2016-12-07 13:54:08.608  INFO 6004 --- [  restartedMain] o.s.w.s.handler.SimpleUrlHandlerMapping  : Mapped URL path [/**] onto handler of type [class org.springframework.web.servlet.resource.ResourceHttpRequestHandler]
2016-12-07 13:54:08.733  INFO 6004 --- [  restartedMain] o.s.w.s.handler.SimpleUrlHandlerMapping  : Mapped URL path [/**/favicon.ico] onto handler of type [class org.springframework.web.servlet.resource.ResourceHttpRequestHandler]
2016-12-07 13:54:09.577  INFO 6004 --- [  restartedMain] oConfiguration$WelcomePageHandlerMapping : Adding welcome page: class path resource [static/index.html]
2016-12-07 13:54:09.827  INFO 6004 --- [  restartedMain] o.s.b.d.a.OptionalLiveReloadServer       : LiveReload server is running on port 35729
2016-12-07 13:54:10.030  INFO 6004 --- [  restartedMain] o.s.j.e.a.AnnotationMBeanExporter        : Registering beans for JMX exposure on startup
2016-12-07 13:54:10.202  INFO 6004 --- [  restartedMain] s.b.c.e.t.TomcatEmbeddedServletContainer : Tomcat started on port(s): 8080 (http)
2016-12-07 13:54:10.217  INFO 6004 --- [  restartedMain] hello.Application                        : Started Application in 9.569 seconds (JVM running for 10.476)
2016-12-07 13:54:12.396  INFO 6004 --- [nio-8080-exec-1] o.a.c.c.C.[Tomcat].[localhost].[/]       : Initializing Spring FrameworkServlet 'dispatcherServlet'
2016-12-07 13:54:12.397  INFO 6004 --- [nio-8080-exec-1] o.s.web.servlet.DispatcherServlet        : FrameworkServlet 'dispatcherServlet': initialization started
2016-12-07 13:54:12.466  INFO 6004 --- [nio-8080-exec-1] o.s.web.servlet.DispatcherServlet        : FrameworkServlet 'dispatcherServlet': initialization completed in 69 ms
