
rajanis@MSSPLLAP165 MINGW64 /
$ export PATH=$PATH:"/C/Program Files/Java/jdk-14.0.2/bin/"

rajanis@MSSPLLAP165 MINGW64 /
$ java -version
java version "14.0.2" 2020-07-14
Java(TM) SE Runtime Environment (build 14.0.2+12-46)
Java HotSpot(TM) 64-Bit Server VM (build 14.0.2+12-46, mixed mode, sharing)

rajanis@MSSPLLAP165 MINGW64 /
$ export CLASSPATH="D:\RajaniS Master Folder\Java\JAX-WS\Jar\jar_files\jaxws-api-2.3.1.jar;D:\RajaniS Master Folder\Java\JAX-WS\Jar\jar_files\jaxb-api-2.3.1.jar;D:\RajaniS Master Folder\Java\JAX-WS\Jar\jar_files\javax.xml.soap-api-1.4.0.jar;D:\RajaniS Master Folder\Java\JAX-WS\Jar\jar_files\javax.annotation-api-1.3.2.jar;D:\RajaniS Master Folder\Java\JAX-WS\Jar\jar_files\javax.activation-api-1.2.0.jar;.;"

rajanis@MSSPLLAP165 MINGW64 /
$ echo $CLASSPATH
D:\RajaniS Master Folder\Java\JAX-WS\Jar\jar_files\jaxws-api-2.3.1.jar;D:\RajaniS Master Folder\Java\JAX-WS\Jar\jar_files\jaxb-api-2.3.1.jar;D:\RajaniS Master Folder\Java\JAX-WS\Jar\jar_files\javax.xml.soap-api-1.4.0.jar;D:\RajaniS Master Folder\Java\JAX-WS\Jar\jar_files\javax.annotation-api-1.3.2.jar;D:\RajaniS Master Folder\Java\JAX-WS\Jar\jar_files\javax.activation-api-1.2.0.jar;.;

rajanis@MSSPLLAP165 MINGW64 /
$ cd "D:\RajaniS Master Folder\Java\JAX-WS\Example\WebServices\src"

rajanis@MSSPLLAP165 MINGW64 /d/RajaniS Master Folder/Java/JAX-WS/Example/WebServices/src
$ javac "com\sample\endpoint\HelloWorldPublisher.java"

rajanis@MSSPLLAP165 MINGW64 /d/RajaniS Master Folder/Java/JAX-WS/Example/WebServices/src
$ java com.sample.endpoint.HelloWorldPublisher
Publishing . . .
Exception in thread "main" javax.xml.ws.WebServiceException: Provider com.sun.xml.internal.ws.spi.ProviderImpl not found
        at javax.xml.ws.spi.FactoryFinder$1.createException(FactoryFinder.java:61)
        at javax.xml.ws.spi.FactoryFinder$1.createException(FactoryFinder.java:58)
        at javax.xml.ws.spi.ServiceLoaderUtil.newInstance(ServiceLoaderUtil.java:103)
        at javax.xml.ws.spi.FactoryFinder.find(FactoryFinder.java:112)
        at javax.xml.ws.spi.Provider.provider(Provider.java:96)
        at javax.xml.ws.Endpoint.publish(Endpoint.java:254)
        at com.sample.endpoint.HelloWorldPublisher.main(HelloWorldPublisher.java:11)
Caused by: java.lang.ClassNotFoundException: com.sun.xml.internal.ws.spi.ProviderImpl
        at java.base/jdk.internal.loader.BuiltinClassLoader.loadClass(BuiltinClassLoader.java:602)
        at java.base/jdk.internal.loader.ClassLoaders$AppClassLoader.loadClass(ClassLoaders.java:178)
        at java.base/java.lang.ClassLoader.loadClass(ClassLoader.java:522)
        at javax.xml.ws.spi.ServiceLoaderUtil.nullSafeLoadClass(ServiceLoaderUtil.java:90)
        at javax.xml.ws.spi.ServiceLoaderUtil.safeLoadClass(ServiceLoaderUtil.java:123)
        at javax.xml.ws.spi.ServiceLoaderUtil.newInstance(ServiceLoaderUtil.java:101)
        ... 4 more

rajanis@MSSPLLAP165 MINGW64 /d/RajaniS Master Folder/Java/JAX-WS/Example/WebServices/src
$
