

# Git Bash JAX-WS

Aspire@Acer MINGW64 /
$ java -version
java version "1.8.0_102"
Java(TM) SE Runtime Environment (build 1.8.0_102-b14)
Java HotSpot(TM) 64-Bit Server VM (build 25.102-b14, mixed mode)

Aspire@Acer MINGW64 /
$ cd "E:\Working\Java\JAX-WS\Example\WebServices\src"

Aspire@Acer MINGW64 /e/Working/Java/JAX-WS/Example/WebServices/src
$ javac "com\sample\endpoint\HelloWorldPublisher.java"

Aspire@Acer MINGW64 /e/Working/Java/JAX-WS/Example/WebServices/src
$ java com.sample.endpoint.HelloWorldPublisher
Publishing . . .
Published to endpoint: http://localhost:9999/ws/hello
Access the WSDL generated by the deployed web service via URL:
http://localhost:9999/ws/hello?wsdl
Nov 12, 2016 4:48:48 PM com.sun.xml.internal.ws.transport.http.HttpAdapter$HttpToolkit handle
SEVERE: Unsupported Content-Type: application/soap+xml; charset=utf-8 Supported ones are: [text/xml]
com.sun.xml.internal.ws.server.UnsupportedMediaException: Unsupported Content-Type: application/soap+xml; charset=utf-8 Supported ones are: [text/xml]
        at com.sun.xml.internal.ws.encoding.StreamSOAPCodec.decode(Unknown Source)
        at com.sun.xml.internal.ws.encoding.StreamSOAPCodec.decode(Unknown Source)
        at com.sun.xml.internal.ws.encoding.SOAPBindingCodec.decode(Unknown Source)
        at com.sun.xml.internal.ws.transport.http.HttpAdapter.decodePacket(Unknown Source)
        at com.sun.xml.internal.ws.transport.http.HttpAdapter.access$500(Unknown Source)
        at com.sun.xml.internal.ws.transport.http.HttpAdapter$HttpToolkit.handle(Unknown Source)
        at com.sun.xml.internal.ws.transport.http.HttpAdapter.handle(Unknown Source)
        at com.sun.xml.internal.ws.transport.http.server.WSHttpHandler.handleExchange(Unknown Source)
        at com.sun.xml.internal.ws.transport.http.server.WSHttpHandler.handle(Unknown Source)
        at com.sun.net.httpserver.Filter$Chain.doFilter(Unknown Source)
        at sun.net.httpserver.AuthFilter.doFilter(Unknown Source)
        at com.sun.net.httpserver.Filter$Chain.doFilter(Unknown Source)
        at sun.net.httpserver.ServerImpl$Exchange$LinkHandler.handle(Unknown Source)
        at com.sun.net.httpserver.Filter$Chain.doFilter(Unknown Source)
        at sun.net.httpserver.ServerImpl$Exchange.run(Unknown Source)
        at java.util.concurrent.ThreadPoolExecutor.runWorker(Unknown Source)
        at java.util.concurrent.ThreadPoolExecutor$Worker.run(Unknown Source)
        at java.lang.Thread.run(Unknown Source)

Nov 12, 2016 4:48:48 PM com.sun.xml.internal.ws.transport.http.HttpAdapter$HttpToolkit handle
SEVERE: Unsupported Content-Type: application/soap+xml; charset=utf-8 Supported ones are: [text/xml]
com.sun.xml.internal.ws.server.UnsupportedMediaException: Unsupported Content-Type: application/soap+xml; charset=utf-8 Supported ones are: [text/xml]
        at com.sun.xml.internal.ws.encoding.StreamSOAPCodec.decode(Unknown Source)
        at com.sun.xml.internal.ws.encoding.StreamSOAPCodec.decode(Unknown Source)
        at com.sun.xml.internal.ws.encoding.SOAPBindingCodec.decode(Unknown Source)
        at com.sun.xml.internal.ws.transport.http.HttpAdapter.decodePacket(Unknown Source)
        at com.sun.xml.internal.ws.transport.http.HttpAdapter.access$500(Unknown Source)
        at com.sun.xml.internal.ws.transport.http.HttpAdapter$HttpToolkit.handle(Unknown Source)
        at com.sun.xml.internal.ws.transport.http.HttpAdapter.handle(Unknown Source)
        at com.sun.xml.internal.ws.transport.http.server.WSHttpHandler.handleExchange(Unknown Source)
        at com.sun.xml.internal.ws.transport.http.server.WSHttpHandler.handle(Unknown Source)
        at com.sun.net.httpserver.Filter$Chain.doFilter(Unknown Source)
        at sun.net.httpserver.AuthFilter.doFilter(Unknown Source)
        at com.sun.net.httpserver.Filter$Chain.doFilter(Unknown Source)
        at sun.net.httpserver.ServerImpl$Exchange$LinkHandler.handle(Unknown Source)
        at com.sun.net.httpserver.Filter$Chain.doFilter(Unknown Source)
        at sun.net.httpserver.ServerImpl$Exchange.run(Unknown Source)
        at java.util.concurrent.ThreadPoolExecutor.runWorker(Unknown Source)
        at java.util.concurrent.ThreadPoolExecutor$Worker.run(Unknown Source)
        at java.lang.Thread.run(Unknown Source)


# Git Bash WCF Client

Aspire@Acer MINGW64 /
$ csc -help
Microsoft (R) Visual C# Compiler version 1.3.1.60621
Copyright (C) Microsoft Corporation. All rights reserved.


                              Visual C# Compiler Options

                        - OUTPUT FILES -
 /out:<file>                   Specify output file name (default: base name of
                               file with main class or first file)
 /target:exe                   Build a console executable (default) (Short
                               form: /t:exe)
 /target:winexe                Build a Windows executable (Short form:
                               /t:winexe)
 /target:library               Build a library (Short form: /t:library)
 /target:module                Build a module that can be added to another
                               assembly (Short form: /t:module)
 /target:appcontainerexe       Build an Appcontainer executable (Short form:
                               /t:appcontainerexe)
 /target:winmdobj              Build a Windows Runtime intermediate file that
                               is consumed by WinMDExp (Short form: /t:winmdobj)
 /doc:<file>                   XML Documentation file to generate
 /platform:<string>            Limit which platforms this code can run on: x86,
                               Itanium, x64, arm, anycpu32bitpreferred, or
                               anycpu. The default is anycpu.

                        - INPUT FILES -
 /recurse:<wildcard>           Include all files in the current directory and
                               subdirectories according to the wildcard
                               specifications
 /reference:<alias>=<file>     Reference metadata from the specified assembly
                               file using the given alias (Short form: /r)
 /reference:<file list>        Reference metadata from the specified assembly
                               files (Short form: /r)
 /addmodule:<file list>        Link the specified modules into this assembly
 /link:<file list>             Embed metadata from the specified interop
                               assembly files (Short form: /l)
 /analyzer:<file list>         Run the analyzers from this assembly
                               (Short form: /a)
 /additionalfile:<file list>   Additional files that don't directly affect code
                               generation but may be used by analyzers for producing
                               errors or warnings.

                        - RESOURCES -
 /win32res:<file>              Specify a Win32 resource file (.res)
 /win32icon:<file>             Use this icon for the output
 /win32manifest:<file>         Specify a Win32 manifest file (.xml)
 /nowin32manifest              Do not include the default Win32 manifest
 /resource:<resinfo>           Embed the specified resource (Short form: /res)
 /linkresource:<resinfo>       Link the specified resource to this assembly
                               (Short form: /linkres) Where the resinfo format
                               is <file>[,<string name>[,public|private]]

                        - CODE GENERATION -
 /debug[+|-]                   Emit debugging information
 /debug:{full|pdbonly|portable}
                               Specify debugging type ('full' is default, and
                               enables attaching a debugger to a running
                               program. 'portable' is a cross-platform format)
 /optimize[+|-]                Enable optimizations (Short form: /o)
 /deterministic                Produce a deterministic assembly
                               (including module version GUID and timestamp)

                        - ERRORS AND WARNINGS -
 /warnaserror[+|-]             Report all warnings as errors
 /warnaserror[+|-]:<warn list> Report specific warnings as errors
 /warn:<n>                     Set warning level (0-4) (Short form: /w)
 /nowarn:<warn list>           Disable specific warning messages
 /ruleset:<file>               Specify a ruleset file that disables specific
                               diagnostics.
 /errorlog:<file>              Specify a file to log all compiler and analyzer
                               diagnostics.
 /reportanalyzer               Report additional analyzer information, such as
                               execution time.

                        - LANGUAGE -
 /checked[+|-]                 Generate overflow checks
 /unsafe[+|-]                  Allow 'unsafe' code
 /define:<symbol list>         Define conditional compilation symbol(s) (Short
                               form: /d)
 /langversion:<string>         Specify language version mode: ISO-1, ISO-2, 3,
                               4, 5, 6, or Default

                        - SECURITY -
 /delaysign[+|-]               Delay-sign the assembly using only the public
                               portion of the strong name key
 /publicsign[+|-]              Public-sign the assembly using only the public
                               portion of the strong name key
 /keyfile:<file>               Specify a strong name key file
 /keycontainer:<string>        Specify a strong name key container
 /highentropyva[+|-]           Enable high-entropy ASLR

                        - MISCELLANEOUS -
 @<file>                       Read response file for more options
 /help                         Display this usage message (Short form: /?)
 /nologo                       Suppress compiler copyright message
 /noconfig                     Do not auto include CSC.RSP file
 /parallel[+|-]                Concurrent build.

                        - ADVANCED -
 /baseaddress:<address>        Base address for the library to be built
 /bugreport:<file>             Create a 'Bug Report' file
 /checksumalgorithm:<alg>      Specify algorithm for calculating source file
                               checksum stored in PDB. Supported values are:
                               SHA1 (default) or SHA256.
 /codepage:<n>                 Specify the codepage to use when opening source
                               files
 /utf8output                   Output compiler messages in UTF-8 encoding
 /main:<type>                  Specify the type that contains the entry point
                               (ignore all other possible entry points) (Short
                               form: /m)
 /fullpaths                    Compiler generates fully qualified paths
 /filealign:<n>                Specify the alignment used for output file
                               sections
 /pathmap:<K1>=<V1>,<K2>=<V2>,...
                               Specify a mapping for source path names output by
                               the compiler.
 /pdb:<file>                   Specify debug information file name (default:
                               output file name with .pdb extension)
 /errorendlocation             Output line and column of the end location of
                               each error
 /preferreduilang              Specify the preferred output language name.
 /nostdlib[+|-]                Do not reference standard library (mscorlib.dll)
 /subsystemversion:<string>    Specify subsystem version of this assembly
 /lib:<file list>              Specify additional directories to search in for
                               references
 /errorreport:<string>         Specify how to handle internal compiler errors:
                               prompt, send, queue, or none. The default is
                               queue.
 /appconfig:<file>             Specify an application configuration file
                               containing assembly binding settings
 /moduleassemblyname:<string>  Name of the assembly which this module will be
                               a part of
 /modulename:<string>          Specify the name of the source module

Aspire@Acer MINGW64 /
$ cd "E:\Working\Java\JAX-WS\Example\WCF"

Aspire@Acer MINGW64 /e/Working/Java/JAX-WS/Example/WCF
$ svcutil /config:Client.exe.config http://localhost:9999/ws/hello?wsdl
Microsoft (R) Service Model Metadata Tool
[Microsoft (R) Windows (R) Communication Foundation, Version 4.6.1590.0]
Copyright (c) Microsoft Corporation.  All rights reserved.

Attempting to download metadata from 'http://localhost:9999/ws/hello?wsdl' using WS-Metadata Exchange or DISCO.
Generating files...
E:\Working\Java\JAX-WS\Example\WCF\HelloWorldImplService.cs
E:\Working\Java\JAX-WS\Example\WCF\Client.exe.config

Aspire@Acer MINGW64 /e/Working/Java/JAX-WS/Example/WCF
$ touch Client.cs

Aspire@Acer MINGW64 /e/Working/Java/JAX-WS/Example/WCF
$ csc /target:library HelloWorldImplService.cs
Microsoft (R) Visual C# Compiler version 1.3.1.60621
Copyright (C) Microsoft Corporation. All rights reserved.


Aspire@Acer MINGW64 /e/Working/Java/JAX-WS/Example/WCF
$ csc Client.cs /reference:HelloWorldImplService.dll
Microsoft (R) Visual C# Compiler version 1.3.1.60621
Copyright (C) Microsoft Corporation. All rights reserved.


Aspire@Acer MINGW64 /e/Working/Java/JAX-WS/Example/WCF
$ ./Client
Hello World JAX-WS WCF Client
