
Rajani@RajaniSamsungPC MINGW64 /
$ java -version
java version "10.0.2" 2018-07-17
Java(TM) SE Runtime Environment 18.3 (build 10.0.2+13)
Java HotSpot(TM) 64-Bit Server VM 18.3 (build 10.0.2+13, mixed mode)

Rajani@RajaniSamsungPC MINGW64 /
$ mvn -v
Apache Maven 3.5.4 (1edded0938998edf8bf061f1ceb3cfdeccf443fe; 2018-06-18T00:03:14+05:30)
Maven home: C:\Program Files\Apache Software Foundation\apache-maven-3.5.4
Java version: 10.0.2, vendor: Oracle Corporation, runtime: C:\Program Files\Java\jdk-10.0.2
Default locale: en_US, platform encoding: Cp1252
OS name: "windows 8", version: "6.2", arch: "amd64", family: "windows"

Rajani@RajaniSamsungPC MINGW64 /
$ cd "C:\Users\Rajani\Desktop\2018\Working\Java\Spring\Samples\SecureRESTApiWithBasicAuthentication\SecureRESTApiWithBasicAuthentication"

Rajani@RajaniSamsungPC MINGW64 ~/Desktop/2018/Working/Java/Spring/Samples/SecureRESTApiWithBasicAuthentication/SecureRESTApiWithBasicAuthentication
$ mvn package

[INFO] Scanning for projects...
[INFO]
[INFO] -----< com.rajani.springmvc:SecureRESTApiWithBasicAuthentication >------
[INFO] Building SecureRESTApiWithBasicAuthentication 1.0.0
[INFO] --------------------------------[ war ]---------------------------------
[INFO]
[INFO] --- maven-resources-plugin:2.6:resources (default-resources) @ SecureRESTApiWithBasicAuthentication ---
[INFO] Using 'UTF-8' encoding to copy filtered resources.
[INFO] Copying 0 resource
[INFO]
[INFO] --- maven-compiler-plugin:3.2:compile (default-compile) @ SecureRESTApiWithBasicAuthentication ---
[INFO] Changes detected - recompiling the module!
[INFO] Compiling 10 source files to C:\Users\Rajani\Desktop\2018\Working\Java\Spring\Samples\SecureRESTApiWithBasicAuthentication\SecureRESTApiWithBasicAuthentication\target\classes
[INFO]
[INFO] --- maven-resources-plugin:2.6:testResources (default-testResources) @ SecureRESTApiWithBasicAuthentication ---
[INFO] Using 'UTF-8' encoding to copy filtered resources.
[INFO] skip non existing resourceDirectory C:\Users\Rajani\Desktop\2018\Working\Java\Spring\Samples\SecureRESTApiWithBasicAuthentication\SecureRESTApiWithBasicAuthentication\src\test\resources
[INFO]
[INFO] --- maven-compiler-plugin:3.2:testCompile (default-testCompile) @ SecureRESTApiWithBasicAuthentication ---
[INFO] Changes detected - recompiling the module!
[INFO] Compiling 1 source file to C:\Users\Rajani\Desktop\2018\Working\Java\Spring\Samples\SecureRESTApiWithBasicAuthentication\SecureRESTApiWithBasicAuthentication\target\test-classes
[INFO]
[INFO] --- maven-surefire-plugin:2.12.4:test (default-test) @ SecureRESTApiWithBasicAuthentication ---
[INFO]
[INFO] --- maven-war-plugin:2.4:war (default-war) @ SecureRESTApiWithBasicAuthentication ---
WARNING: An illegal reflective access operation has occurred
WARNING: Illegal reflective access by com.thoughtworks.xstream.converters.collections.TreeMapConverter (file:/C:/Users/Rajani/.m2/repository/com/thoughtworks/xstream/xstream/1.4.2/xstream-1.4.2.jar) to field java.util.TreeMap.comparator
WARNING: Please consider reporting this to the maintainers of com.thoughtworks.xstream.converters.collections.TreeMapConverter
WARNING: Use --illegal-access=warn to enable warnings of further illegal reflective access operations
WARNING: All illegal access operations will be denied in a future release
[INFO] Packaging webapp
[INFO] Assembling webapp [SecureRESTApiWithBasicAuthentication] in [C:\Users\Rajani\Desktop\2018\Working\Java\Spring\Samples\SecureRESTApiWithBasicAuthentication\SecureRESTApiWithBasicAuthentication\target\SecureRESTApiWithBasicAuthentication]
[INFO] Processing war project
[INFO] Copying webapp resources [C:\Users\Rajani\Desktop\2018\Working\Java\Spring\Samples\SecureRESTApiWithBasicAuthentication\SecureRESTApiWithBasicAuthentication\src\main\webapp]
[INFO] Webapp assembled in [547 msecs]
[INFO] Building war: C:\Users\Rajani\Desktop\2018\Working\Java\Spring\Samples\SecureRESTApiWithBasicAuthentication\SecureRESTApiWithBasicAuthentication\target\SecureRESTApiWithBasicAuthentication.war
[INFO] ------------------------------------------------------------------------
[INFO] BUILD SUCCESS
[INFO] ------------------------------------------------------------------------
[INFO] Total time: 5.891 s
[INFO] Finished at: 2018-09-23T19:41:13+05:30
[INFO] ------------------------------------------------------------------------

Rajani@RajaniSamsungPC MINGW64 ~/Desktop/2018/Working/Java/Spring/Samples/SecureRESTApiWithBasicAuthentication/SecureRESTApiWithBasicAuthentication
$ jar tvf target/SecureRESTApiWithBasicAuthentication.war
     0 Sun Sep 23 19:41:14 IST 2018 META-INF/
   129 Sun Sep 23 19:41:12 IST 2018 META-INF/MANIFEST.MF
     0 Sun Sep 23 19:41:14 IST 2018 WEB-INF/
     0 Sun Sep 23 19:41:14 IST 2018 WEB-INF/classes/
     0 Sun Sep 23 19:41:14 IST 2018 WEB-INF/classes/com/
     0 Sun Sep 23 19:41:14 IST 2018 WEB-INF/classes/com/rajani/
     0 Sun Sep 23 19:41:14 IST 2018 WEB-INF/classes/com/rajani/springmvc/
     0 Sun Sep 23 19:41:14 IST 2018 WEB-INF/classes/com/rajani/springmvc/configuration/
     0 Sun Sep 23 19:41:14 IST 2018 WEB-INF/classes/com/rajani/springmvc/controller/
     0 Sun Sep 23 19:41:14 IST 2018 WEB-INF/classes/com/rajani/springmvc/model/
     0 Sun Sep 23 19:41:14 IST 2018 WEB-INF/classes/com/rajani/springmvc/security/
     0 Sun Sep 23 19:41:14 IST 2018 WEB-INF/classes/com/rajani/springmvc/service/
     0 Sun Sep 23 19:41:14 IST 2018 WEB-INF/lib/
  1927 Sun Sep 23 19:41:12 IST 2018 WEB-INF/classes/com/rajani/springmvc/configuration/CORSFilter.class
   639 Sun Sep 23 19:41:12 IST 2018 WEB-INF/classes/com/rajani/springmvc/configuration/HelloWorldConfiguration.class
  1164 Sun Sep 23 19:41:12 IST 2018 WEB-INF/classes/com/rajani/springmvc/configuration/HelloWorldInitializer.class
  5806 Sun Sep 23 19:41:12 IST 2018 WEB-INF/classes/com/rajani/springmvc/controller/HelloWorldRestController.class
  2376 Sun Sep 23 19:41:12 IST 2018 WEB-INF/classes/com/rajani/springmvc/model/User.class
  1870 Sun Sep 23 19:41:12 IST 2018 WEB-INF/classes/com/rajani/springmvc/security/CustomBasicAuthenticationEntryPoint.class
  5712 Sun Sep 23 19:41:12 IST 2018 WEB-INF/classes/com/rajani/springmvc/security/SecurityConfiguration.class
   450 Sun Sep 23 19:41:12 IST 2018 WEB-INF/classes/com/rajani/springmvc/security/SecurityWebApplicationInitializer.class
   590 Sun Sep 23 19:41:12 IST 2018 WEB-INF/classes/com/rajani/springmvc/service/UserService.class
  3283 Sun Sep 23 19:41:12 IST 2018 WEB-INF/classes/com/rajani/springmvc/service/UserServiceImpl.class
  4467 Sun Sep 23 19:06:32 IST 2018 WEB-INF/lib/aopalliance-1.0.jar
284184 Sun Sep 23 19:06:36 IST 2018 WEB-INF/lib/commons-codec-1.10.jar
 61829 Sun Sep 23 19:06:30 IST 2018 WEB-INF/lib/commons-logging-1.2.jar
 50894 Sun Sep 23 19:06:34 IST 2018 WEB-INF/lib/jackson-annotations-2.7.0.jar
252894 Sun Sep 23 19:06:36 IST 2018 WEB-INF/lib/jackson-core-2.7.5.jar
1205152 Sun Sep 23 19:06:36 IST 2018 WEB-INF/lib/jackson-databind-2.7.5.jar
 94752 Sun Sep 23 19:06:36 IST 2018 WEB-INF/lib/jackson-dataformat-xml-2.7.5.jar
 34577 Sun Sep 23 19:06:36 IST 2018 WEB-INF/lib/jackson-module-jaxb-annotations-2.7.5.jar
 95806 Sun Sep 23 19:06:36 IST 2018 WEB-INF/lib/javax.servlet-api-3.1.0.jar
379791 Sun Sep 23 19:06:32 IST 2018 WEB-INF/lib/spring-aop-4.3.1.RELEASE.jar
754397 Sun Sep 23 19:06:32 IST 2018 WEB-INF/lib/spring-beans-4.3.1.RELEASE.jar
1132904 Sun Sep 23 19:06:34 IST 2018 WEB-INF/lib/spring-context-4.3.1.RELEASE.jar
1109894 Sun Sep 23 19:06:32 IST 2018 WEB-INF/lib/spring-core-4.3.1.RELEASE.jar
263712 Sun Sep 23 19:06:34 IST 2018 WEB-INF/lib/spring-expression-4.3.1.RELEASE.jar
534210 Sun Sep 23 19:06:34 IST 2018 WEB-INF/lib/spring-security-config-4.1.1.RELEASE.jar
376168 Sun Sep 23 19:06:34 IST 2018 WEB-INF/lib/spring-security-core-4.1.1.RELEASE.jar
359649 Sun Sep 23 19:06:34 IST 2018 WEB-INF/lib/spring-security-web-4.1.1.RELEASE.jar
810635 Sun Sep 23 19:06:32 IST 2018 WEB-INF/lib/spring-web-4.3.1.RELEASE.jar
913866 Sun Sep 23 19:06:36 IST 2018 WEB-INF/lib/spring-webmvc-4.3.1.RELEASE.jar
161867 Sun Sep 23 19:06:36 IST 2018 WEB-INF/lib/stax2-api-3.1.4.jar
  4042 Sun Sep 23 19:32:20 IST 2018 META-INF/maven/com.rajani.springmvc/SecureRESTApiWithBasicAuthentication/pom.xml
   146 Sun Sep 23 19:41:14 IST 2018 META-INF/maven/com.rajani.springmvc/SecureRESTApiWithBasicAuthentication/pom.properties

Rajani@RajaniSamsungPC MINGW64 ~/Desktop/2018/Working/Java/Spring/Samples/SecureRESTApiWithBasicAuthentication/SecureRESTApiWithBasicAuthentication
$ cp "C:\Users\Rajani\Desktop\2018\Working\Java\Spring\Samples\SecureRESTApiWithBasicAuthentication\SecureRESTApiWithBasicAuthentication\target\SecureRESTApiWithBasicAuthentication.war" "C:\Program Files\Apache Software Foundation\Tomcat 9.0\webapps"

Rajani@RajaniSamsungPC MINGW64 ~/Desktop/2018/Working/Java/Spring/Samples/SecureRESTApiWithBasicAuthentication/SecureRESTApiWithBasicAuthentication
$ mvn -Dexec.mainClass=com.rajani.springmvc.SpringRestClient -Dexec.classpathScope=test test-compile exec:java
[INFO] Scanning for projects...
[INFO]
[INFO] -----< com.rajani.springmvc:SecureRESTApiWithBasicAuthentication >------
[INFO] Building SecureRESTApiWithBasicAuthentication 1.0.0
[INFO] --------------------------------[ war ]---------------------------------
[INFO]
[INFO] --- maven-resources-plugin:2.6:resources (default-resources) @ SecureRESTApiWithBasicAuthentication ---
[INFO] Using 'UTF-8' encoding to copy filtered resources.
[INFO] Copying 0 resource
[INFO]
[INFO] --- maven-compiler-plugin:3.2:compile (default-compile) @ SecureRESTApiWithBasicAuthentication ---
[INFO] Nothing to compile - all classes are up to date
[INFO]
[INFO] --- maven-resources-plugin:2.6:testResources (default-testResources) @ SecureRESTApiWithBasicAuthentication ---
[INFO] Using 'UTF-8' encoding to copy filtered resources.
[INFO] skip non existing resourceDirectory C:\Users\Rajani\Desktop\2018\Working\Java\Spring\Samples\SecureRESTApiWithBasicAuthentication\SecureRESTApiWithBasicAuthentication\src\test\resources
[INFO]
[INFO] --- maven-compiler-plugin:3.2:testCompile (default-testCompile) @ SecureRESTApiWithBasicAuthentication ---
[INFO] Nothing to compile - all classes are up to date
[INFO]
[INFO] --- exec-maven-plugin:1.6.0:java (default-cli) @ SecureRESTApiWithBasicAuthentication ---

Testing listAllUsers API-----------
User : id=1, Name=Sam, Age=30, Salary=70000.0
User : id=2, Name=Tom, Age=40, Salary=50000.0
User : id=3, Name=Jerome, Age=45, Salary=30000.0
User : id=4, Name=Silvia, Age=50, Salary=40000.0

Testing getUser API----------
User [id=1, name=Sam, age=30, salary=70000.0]

Testing create User API----------
Location : http://localhost:8080/SecureRESTApiWithBasicAuthentication/user/5

Testing listAllUsers API-----------
User : id=1, Name=Sam, Age=30, Salary=70000.0
User : id=2, Name=Tom, Age=40, Salary=50000.0
User : id=3, Name=Jerome, Age=45, Salary=30000.0
User : id=4, Name=Silvia, Age=50, Salary=40000.0
User : id=5, Name=Sarah, Age=51, Salary=134.0

Testing update User API----------
User [id=1, name=Tomy, age=33, salary=70000.0]

Testing listAllUsers API-----------
User : id=1, Name=Tomy, Age=33, Salary=70000.0
User : id=2, Name=Tom, Age=40, Salary=50000.0
User : id=3, Name=Jerome, Age=45, Salary=30000.0
User : id=4, Name=Silvia, Age=50, Salary=40000.0
User : id=5, Name=Sarah, Age=51, Salary=134.0

Testing delete User API----------

Testing listAllUsers API-----------
User : id=1, Name=Tomy, Age=33, Salary=70000.0
User : id=2, Name=Tom, Age=40, Salary=50000.0
User : id=4, Name=Silvia, Age=50, Salary=40000.0
User : id=5, Name=Sarah, Age=51, Salary=134.0

Testing all delete Users API----------

Testing listAllUsers API-----------
No user exist----------
[INFO] ------------------------------------------------------------------------
[INFO] BUILD SUCCESS
[INFO] ------------------------------------------------------------------------
[INFO] Total time: 4.078 s
[INFO] Finished at: 2018-09-23T19:42:17+05:30
[INFO] ------------------------------------------------------------------------

Rajani@RajaniSamsungPC MINGW64 ~/Desktop/2018/Working/Java/Spring/Samples/SecureRESTApiWithBasicAuthentication/SecureRESTApiWithBasicAuthentication
$