# Note # Spring4MVCCRUDRestServiceCORS/src/main/java/com/websystique/springmvc/configuration/CORSFilter.java

$ java -version

$ mvn -v

$ cd "E:\Working\Java\Spring\Samples\Spring4MVCCRUDRestServiceAndCORS\Spring4MVCCRUDRestServiceCORS"

# Spring4MVCCRUDRestServiceCORS/pom.xml
<project xmlns="http://maven.apache.org/POM/4.0.0" xmlns:xsi="http://www.w3.org/2001/XMLSchema-instance" 
xsi:schemaLocation="http://maven.apache.org/POM/4.0.0 http://maven.apache.org/maven-v4_0_0.xsd">
  
    <modelVersion>4.0.0</modelVersion>
    <groupId>com.websystique.springmvc</groupId>
    <artifactId>Spring4MVCCRUDRestService</artifactId>
    <packaging>war</packaging>
    <version>1.0.0</version>
    <name>Spring4MVCCRUDRestService Maven Webapp</name>

    <properties>
        <springframework.version>4.2.0.RELEASE</springframework.version>
        <jackson.version>2.5.3</jackson.version>
    </properties>

    <dependencies>
        <dependency>
            <groupId>org.springframework</groupId>
            <artifactId>spring-webmvc</artifactId>
            <version>${springframework.version}</version>
        </dependency>
        <dependency>
            <groupId>org.springframework</groupId>
            <artifactId>spring-tx</artifactId>
            <version>${springframework.version}</version>
        </dependency>

        <dependency>
            <groupId>com.fasterxml.jackson.core</groupId>
            <artifactId>jackson-databind</artifactId>
            <version>${jackson.version}</version>
        </dependency>
        <dependency>
            <groupId>javax.servlet</groupId>
            <artifactId>javax.servlet-api</artifactId>
            <version>3.1.0</version>
        </dependency>            
    </dependencies>

    <build>
        <pluginManagement>
            <plugins>
                <plugin>
                    <groupId>org.apache.maven.plugins</groupId>
                    <artifactId>maven-war-plugin</artifactId>
                    <version>2.4</version>
                    <configuration>
                        <warSourceDirectory>src/main/webapp</warSourceDirectory>
                        <warName>Spring4MVCCRUDRestService</warName>
                        <failOnMissingWebXml>false</failOnMissingWebXml>
                    </configuration>
                </plugin>
            </plugins>
        </pluginManagement>
        <finalName>Spring4MVCCRUDRestService</finalName>
    </build>
</project>


$ mvn eclipse:eclipse

$ mvn package

$ jar tvf target/Spring4MVCCRUDRestService.war


# Copy File
$ cp "E:\Working\Java\Spring\Samples\Spring4MVCCRUDRestServiceAndCORS\Spring4MVCCRUDRestService\target\Spring4MVCCRUDRestService.war" "C:\Program Files\Apache Software Foundation\Tomcat 8.5\webapps"

# When war file is copied to Tomcat webapps, the corresponding folder is also copied to Tomcat webapps
[
# Copy Folder 
$ cp -r "E:\Working\Java\Spring\Samples\Spring4MVCCRUDRestServiceAndCORS\Spring4MVCCRUDRestService\target\Spring4MVCCRUDRestService" "C:\Program Files\Apache Software Foundation\Tomcat 8.5\webapps\Spring4MVCCRUDRestService"
]


# Browser
http://localhost:8080/Spring4MVCCRUDRestService/user/
[{"id":1,"name":"Sam","age":30,"salary":70000.0},{"id":2,"name":"Tom","age":40,"salary":50000.0},{"id":3,"name":"Jerome","age":45,"salary":30000.0},{"id":4,"name":"Silvia","age":50,"salary":40000.0}]


# Chrome Postman Tool
[Retrieve all users]
GET http://localhost:8080/Spring4MVCCRUDRestService/user/

Status: 200 OK

Body
[
  {
    "id": 1,
    "name": "Sam",
    "age": 30,
    "salary": 70000
  },
  {
    "id": 2,
    "name": "Tom",
    "age": 40,
    "salary": 50000
  },
  {
    "id": 3,
    "name": "Jerome",
    "age": 45,
    "salary": 30000
  },
  {
    "id": 4,
    "name": "Silvia",
    "age": 50,
    "salary": 40000
  }
]


# Chrome Postman Tool
[Retrieve Single User]
GET http://localhost:8080/Spring4MVCCRUDRestService/user/1

Status: 200 OK

Body
{
  "id": 1,
  "name": "Sam",
  "age": 30,
  "salary": 70000
}


# Chrome Postman Tool
[Try to send a GET with invalid identifier, and receive a HTTP 404.]
GET http://localhost:8080/Spring4MVCCRUDRestService/user/67

Status: 404 Not Found


# Chrome Postman Tool
[Create a User. Select the method as POST, specify uri as /user/, specify body in POSTMAN body tab, select the type [application/json].]
POST http://localhost:8080/Spring4MVCCRUDRestService/user/
Body
{
    "name": "Sarah",
    "age": 51,
    "salary": 134
}

Status: 201 Created


# Chrome Postman Tool
[Fetch the newly created user.]
GET http://localhost:8080/Spring4MVCCRUDRestService/user/5

Status: 200 OK

Body
{
  "id": 5,
  "name": "Sarah",
  "age": 51,
  "salary": 134
}


# Chrome Postman Tool
[Update a User. Send a HTTP PUT request to update a user. Send along the new user details to be put in. Select the type [application/json].]
PUT http://localhost:8080/Spring4MVCCRUDRestService/user/1
Body
{
  "name": "Tomy",
  "age": 33,
  "salary": 70000
}

Status: 200 OK
Body
{
  "id": 1,
  "name": "Tomy",
  "age": 33,
  "salary": 70000
}


# Chrome Postman Tool
[Delete a User.]
DELETE http://localhost:8080/Spring4MVCCRUDRestService/user/3

Status: 204 No Content


# Chrome Postman Tool
[Delete All Users.]
DELETE http://localhost:8080/Spring4MVCCRUDRestService/user/

Status: 204 No Content


# Chrome Postman Tool
[Verify users after delete-all.]
GET http://localhost:8080/Spring4MVCCRUDRestService/user/

Status: 204 No Content


# Restart server [services.msc]
# SpringRestTestClient
mvn -Dexec.mainClass=com.websystique.springmvc.SpringRestTestClient -Dexec.classpathScope=test test-compile exec:java